../Core/Src/main.c:79:6:HAL_TIM_PeriodElapsedCallback	16	static
../Core/Src/main.c:88:6:run_profile_section	128	static
../Core/Src/main.c:120:5:main	168	static
../Core/Src/main.c:271:6:SystemClock_Config	72	static
../Core/Src/main.c:311:13:MX_SPI1_Init	8	static
../Core/Src/main.c:349:13:MX_SPI2_Init	8	static
../Core/Src/main.c:387:13:MX_TIM4_Init	32	static
../Core/Src/main.c:432:13:MX_USART2_UART_Init	8	static
../Core/Src/main.c:463:13:MX_DMA_Init	16	static
../Core/Src/main.c:481:13:MX_GPIO_Init	40	static
../Core/Src/main.c:526:6:Error_Handler	4	static,ignoring_inline_asm
